[p12-A] DP=http://127.0.0.1:3012 TFID=tf_46203b5e-2a8d-44f7-9a93-20114c60b24d N=26 GAP_MS=1200
[p12-A] p12-A-wait # 0 status=206 ttfb=  20ms bytes=8388608 bytes_up=+0 cdn=+0 api=+0 pf=+0/0/0/0 skip=+0 auto=0+0 spare=0
  sha256[0] = 4b8d73ce8652f142...
[p12-A] p12-A-wait # 1 status=206 ttfb=  21ms bytes=8388608 bytes_up=+0 cdn=+0 api=+0 pf=+0/0/0/0 skip=+0 auto=0+0 spare=0
[p12-A] p12-A-wait # 2 status=206 ttfb=  19ms bytes=8388608 bytes_up=+0 cdn=+0 api=+0 pf=+0/0/0/0 skip=+0 auto=0+0 spare=0
[p12-A] p12-A-wait # 3 status=206 ttfb=  19ms bytes=8388608 bytes_up=+0 cdn=+0 api=+0 pf=+0/0/0/0 skip=+0 auto=0+0 spare=0
[p12-A] p12-A-wait # 4 status=206 ttfb=  18ms bytes=8388608 bytes_up=+0 cdn=+0 api=+0 pf=+0/0/0/0 skip=+0 auto=0+0 spare=0
[p12-A] p12-A-wait # 5 status=206 ttfb=  21ms bytes=8388608 bytes_up=+0 cdn=+0 api=+0 pf=+0/0/0/0 skip=+0 auto=0+0 spare=0
[p12-A] p12-A-wait # 6 status=206 ttfb=  19ms bytes=8388608 bytes_up=+0 cdn=+0 api=+0 pf=+0/0/0/0 skip=+0 auto=0+0 spare=0
[p12-A] p12-A-wait # 7 status=206 ttfb=  16ms bytes=8388608 bytes_up=+0 cdn=+0 api=+0 pf=+0/0/0/0 skip=+0 auto=0+0 spare=0
[p12-A] p12-A-wait # 8 status=206 ttfb=  16ms bytes=8388608 bytes_up=+0 cdn=+0 api=+0 pf=+0/0/0/0 skip=+0 auto=0+0 spare=0
[p12-A] p12-A-wait # 9 status=206 ttfb=  18ms bytes=8388608 bytes_up=+0 cdn=+0 api=+0 pf=+0/0/0/0 skip=+0 auto=0+0 spare=0
[p12-A] p12-A-wait #10 status=206 ttfb=  18ms bytes=8388608 bytes_up=+0 cdn=+0 api=+0 pf=+0/0/0/0 skip=+0 auto=0+0 spare=0
[p12-A] p12-A-wait #11 status=206 ttfb=  20ms bytes=8388608 bytes_up=+0 cdn=+0 api=+0 pf=+0/0/0/0 skip=+0 auto=0+0 spare=0
[p12-A] p12-A-wait #12 status=206 ttfb=  16ms bytes=8388608 bytes_up=+0 cdn=+0 api=+0 pf=+0/0/0/0 skip=+0 auto=0+0 spare=0
  sha256[12] = 0a94f1b488279b50...
[p12-A] p12-A-wait #13 status=206 ttfb=  17ms bytes=8388608 bytes_up=+0 cdn=+0 api=+0 pf=+0/0/0/0 skip=+0 auto=0+0 spare=0
[p12-A] p12-A-wait #14 status=206 ttfb=  15ms bytes=8388608 bytes_up=+0 cdn=+0 api=+0 pf=+0/0/0/0 skip=+0 auto=0+0 spare=0
[p12-A] p12-A-wait #15 status=206 ttfb=  16ms bytes=8388608 bytes_up=+0 cdn=+0 api=+0 pf=+0/0/0/0 skip=+0 auto=0+0 spare=0
[p12-A] p12-A-wait #16 status=206 ttfb=  17ms bytes=8388608 bytes_up=+0 cdn=+0 api=+0 pf=+0/0/0/0 skip=+0 auto=0+0 spare=0
[p12-A] p12-A-wait #17 status=206 ttfb=  16ms bytes=8388608 bytes_up=+0 cdn=+0 api=+0 pf=+0/0/0/0 skip=+0 auto=0+0 spare=0
[p12-A] p12-A-wait #18 status=206 ttfb=  16ms bytes=8388608 bytes_up=+0 cdn=+0 api=+0 pf=+0/0/0/0 skip=+0 auto=0+0 spare=0
[p12-A] p12-A-wait #19 status=206 ttfb=  15ms bytes=8388608 bytes_up=+0 cdn=+0 api=+0 pf=+0/0/0/0 skip=+0 auto=0+0 spare=0
[p12-A] p12-A-wait #20 status=206 ttfb=  15ms bytes=8388608 bytes_up=+0 cdn=+0 api=+0 pf=+0/0/0/0 skip=+0 auto=0+0 spare=0
[p12-A] p12-A-wait #21 status=206 ttfb=  16ms bytes=8388608 bytes_up=+0 cdn=+0 api=+0 pf=+0/0/0/0 skip=+0 auto=0+0 spare=0
[p12-A] p12-A-wait #22 status=206 ttfb=  17ms bytes=8388608 bytes_up=+0 cdn=+0 api=+0 pf=+0/0/0/0 skip=+0 auto=0+0 spare=0
[p12-A] p12-A-wait #23 status=206 ttfb=  15ms bytes=8388608 bytes_up=+0 cdn=+0 api=+0 pf=+0/0/0/0 skip=+0 auto=0+0 spare=0
[p12-A] p12-A-wait #24 status=206 ttfb=  16ms bytes=8388608 bytes_up=+0 cdn=+0 api=+0 pf=+0/0/0/0 skip=+0 auto=0+0 spare=0
[p12-A] p12-A-wait #25 status=206 ttfb=   7ms bytes=1837145 bytes_up=+0 cdn=+0 api=+0 pf=+0/0/0/0 skip=+0 auto=0+0 spare=0
  sha256[25] = 23f86b4a5b2d2026...

[p12-A] p12-A-wait :: FINAL playback_intelligence:
  active_torrent_files = 0
  ahead_chunks = 1
  auto_selected_try = 0
  auto_selected_wait = 0
  enabled = true
  mode = wait
  prefetch_chunks_completed = 0
  prefetch_chunks_requested = 0
  prefetch_chunks_skipped_present = 0
  prefetch_failures = 0
  prefetch_joined_by_demand = 0
  prefetch_joined_inflight = 0
  prefetch_priority = 0
  prefetch_served_demand = 0
  prefetch_triggered = 0
  seek_reprioritizations = 0
  sequential_threshold = 2
  spare_capacity = 0
[p12-A] p12-A-wait :: cache: bytes_upstream_issued=0 bytes_fetched_upstream=0 chunk_claims=0 chunks_present=0
[p12-A] p12-A-wait :: upstream: layer_A_api.requests=0 layer_C_cdn[206]=0 cap.acq=0 cap.reuse=0
