[p12-A] DP=http://127.0.0.1:3011 TFID=tf_46203b5e-2a8d-44f7-9a93-20114c60b24d N=26 GAP_MS=400
[p12-A] p12-A-gap400 # 0 status=206 ttfb=1680ms bytes=8388608 bytes_up=+8388608 cdn=+1 api=+1 pf=+0/0/0/0 skip=+0 auto=0+0 spare=0
  sha256[0] = 4b8d73ce8652f142...
[p12-A] p12-A-gap400 # 1 status=206 ttfb= 834ms bytes=8388608 bytes_up=+8388608 cdn=+1 api=+0 pf=+1/0/0/0 skip=+0 auto=1+0 spare=0
[p12-A] p12-A-gap400 # 2 status=206 ttfb= 819ms bytes=8388608 bytes_up=+8388608 cdn=+1 api=+0 pf=+1/0/0/0 skip=+0 auto=1+0 spare=0
[p12-A] p12-A-gap400 # 3 status=206 ttfb=1226ms bytes=8388608 bytes_up=+8388608 cdn=+1 api=+0 pf=+1/0/0/0 skip=+0 auto=1+0 spare=0
[p12-A] p12-A-gap400 # 4 status=206 ttfb= 799ms bytes=8388608 bytes_up=+8388608 cdn=+1 api=+0 pf=+1/0/0/0 skip=+0 auto=1+0 spare=0
[p12-A] p12-A-gap400 # 5 status=206 ttfb= 996ms bytes=8388608 bytes_up=+8388608 cdn=+1 api=+0 pf=+1/0/0/0 skip=+0 auto=1+0 spare=0
[p12-A] p12-A-gap400 # 6 status=206 ttfb= 848ms bytes=8388608 bytes_up=+8388608 cdn=+1 api=+0 pf=+1/0/0/0 skip=+0 auto=1+0 spare=0
[p12-A] p12-A-gap400 # 7 status=206 ttfb=1314ms bytes=8388608 bytes_up=+8388608 cdn=+1 api=+0 pf=+1/0/0/0 skip=+0 auto=1+0 spare=0
[p12-A] p12-A-gap400 # 8 status=206 ttfb= 835ms bytes=8388608 bytes_up=+8388608 cdn=+1 api=+0 pf=+1/0/0/0 skip=+0 auto=1+0 spare=0
[p12-A] p12-A-gap400 # 9 status=206 ttfb= 958ms bytes=8388608 bytes_up=+8388608 cdn=+1 api=+0 pf=+1/0/0/0 skip=+0 auto=1+0 spare=0
[p12-A] p12-A-gap400 #10 status=206 ttfb= 901ms bytes=8388608 bytes_up=+8388608 cdn=+1 api=+0 pf=+1/0/0/0 skip=+0 auto=1+0 spare=0
[p12-A] p12-A-gap400 #11 status=206 ttfb= 885ms bytes=8388608 bytes_up=+8388608 cdn=+1 api=+0 pf=+1/0/0/0 skip=+0 auto=1+0 spare=0
[p12-A] p12-A-gap400 #12 status=206 ttfb= 848ms bytes=8388608 bytes_up=+8388608 cdn=+1 api=+0 pf=+1/0/0/0 skip=+0 auto=1+0 spare=0
  sha256[12] = 0a94f1b488279b50...
[p12-A] p12-A-gap400 #13 status=206 ttfb= 897ms bytes=8388608 bytes_up=+8388608 cdn=+1 api=+0 pf=+1/0/0/0 skip=+0 auto=1+0 spare=0
[p12-A] p12-A-gap400 #14 status=206 ttfb= 867ms bytes=8388608 bytes_up=+8388608 cdn=+1 api=+0 pf=+1/0/0/0 skip=+0 auto=1+0 spare=0
[p12-A] p12-A-gap400 #15 status=206 ttfb=1011ms bytes=8388608 bytes_up=+8388608 cdn=+1 api=+0 pf=+1/0/0/0 skip=+0 auto=1+0 spare=0
[p12-A] p12-A-gap400 #16 status=206 ttfb= 830ms bytes=8388608 bytes_up=+8388608 cdn=+1 api=+0 pf=+1/0/0/0 skip=+0 auto=1+0 spare=0
[p12-A] p12-A-gap400 #17 status=206 ttfb= 865ms bytes=8388608 bytes_up=+8388608 cdn=+1 api=+0 pf=+1/0/0/0 skip=+0 auto=1+0 spare=0
[p12-A] p12-A-gap400 #18 status=206 ttfb=1388ms bytes=8388608 bytes_up=+8388608 cdn=+1 api=+0 pf=+1/0/0/0 skip=+0 auto=1+0 spare=0
[p12-A] p12-A-gap400 #19 status=206 ttfb= 836ms bytes=8388608 bytes_up=+8388608 cdn=+1 api=+0 pf=+1/0/0/0 skip=+0 auto=1+0 spare=0
[p12-A] p12-A-gap400 #20 status=206 ttfb= 908ms bytes=8388608 bytes_up=+8388608 cdn=+1 api=+0 pf=+1/0/0/0 skip=+0 auto=1+0 spare=0
[p12-A] p12-A-gap400 #21 status=206 ttfb= 940ms bytes=8388608 bytes_up=+8388608 cdn=+1 api=+0 pf=+1/0/0/0 skip=+0 auto=1+0 spare=0
[p12-A] p12-A-gap400 #22 status=206 ttfb=1130ms bytes=8388608 bytes_up=+8388608 cdn=+1 api=+0 pf=+1/0/0/0 skip=+0 auto=1+0 spare=0
[p12-A] p12-A-gap400 #23 status=206 ttfb= 878ms bytes=8388608 bytes_up=+8388608 cdn=+1 api=+0 pf=+1/0/0/0 skip=+0 auto=1+0 spare=0
[p12-A] p12-A-gap400 #24 status=206 ttfb= 954ms bytes=8388608 bytes_up=+8388608 cdn=+1 api=+0 pf=+1/0/0/0 skip=+0 auto=1+0 spare=0
[p12-A] p12-A-gap400 #25 status=206 ttfb= 596ms bytes=1837145 bytes_up=+1837145 cdn=+1 api=+0 pf=+0/0/0/0 skip=+0 auto=0+0 spare=0
  sha256[25] = 23f86b4a5b2d2026...

[p12-A] p12-A-gap400 :: FINAL playback_intelligence:
  active_torrent_files = 1
  ahead_chunks = 1
  auto_selected_try = 24
  auto_selected_wait = 0
  enabled = true
  mode = auto
  prefetch_chunks_completed = 0
  prefetch_chunks_requested = 0
  prefetch_chunks_skipped_present = 0
  prefetch_failures = 0
  prefetch_joined_by_demand = 0
  prefetch_joined_inflight = 0
  prefetch_priority = 0
  prefetch_served_demand = 0
  prefetch_triggered = 24
  seek_reprioritizations = 0
  sequential_threshold = 2
  spare_capacity = 0
[p12-A] p12-A-gap400 :: cache: bytes_upstream_issued=211552345 bytes_fetched_upstream=211552345 chunk_claims=26 chunks_present=26
[p12-A] p12-A-gap400 :: upstream: layer_A_api.requests=1 layer_C_cdn[206]=26 cap.acq=1 cap.reuse=25
